src/actions/anthropometry-actions.ts(39,43): error TS2551: Property 'brazoRelajado' does not exist on type 'Perimetros'. Did you mean 'brazoRelax'?
src/actions/patient-actions.ts(47,36): error TS2339: Property 'preferencias' does not exist on type 'Paciente'.
src/app/(main)/antropometria/page.tsx(116,17): error TS2561: Object literal may only specify known properties, but 'brazoRelajado' does not exist in type 'Perimetros'. Did you mean to write 'brazoRelax'?
src/app/(main)/antropometria/page.tsx(353,33): error TS2322: Type 'AnthroValue' is not assignable to type 'number | undefined'.
  Type 'ISAKValue' is not assignable to type 'number'.
src/app/(main)/antropometria/page.tsx(354,33): error TS2322: Type 'AnthroValue' is not assignable to type 'number | undefined'.
  Type 'ISAKValue' is not assignable to type 'number'.
src/app/(main)/dietas/page.tsx(166,28): error TS2339: Property 'tipoPaciente' does not exist on type 'MedidasAntropometricas'.
src/app/(main)/dietas/page.tsx(167,33): error TS2339: Property 'tipoPaciente' does not exist on type 'MedidasAntropometricas'.
src/app/(main)/dietas/page.tsx(168,33): error TS2339: Property 'tipoPaciente' does not exist on type 'MedidasAntropometricas'.
src/app/(main)/dietas/page.tsx(171,21): error TS2345: Argument of type 'AnthroValue' is not assignable to parameter of type 'number'.
  Type 'ISAKValue' is not assignable to type 'number'.
src/app/(main)/dietas/page.tsx(312,23): error TS2339: Property 'preferencias' does not exist on type 'Paciente'.
src/app/(main)/dietas/page.tsx(324,23): error TS2339: Property 'preferencias' does not exist on type 'Paciente'.
src/app/(main)/pacientes/[id]/consulta/page.tsx(99,9): error TS2322: Type '"masculino" | "femenino" | "otro"' is not assignable to type '"masculino" | "femenino"'.
  Type '"otro"' is not assignable to type '"masculino" | "femenino"'.
src/app/(main)/pacientes/[id]/page.tsx(148,48): error TS2363: The right-hand side of an arithmetic operation must be of type 'any', 'number', 'bigint' or an enum type.
src/app/(main)/pacientes/[id]/page.tsx(149,26): error TS2362: The left-hand side of an arithmetic operation must be of type 'any', 'number', 'bigint' or an enum type.
src/app/(main)/pacientes/[id]/page.tsx(254,102): error TS2322: Type 'AnthroValue' is not assignable to type 'ReactNode'.
  Type 'ISAKValue' is not assignable to type 'ReactNode'.
src/app/(main)/pacientes/[id]/page.tsx(259,102): error TS2322: Type 'AnthroValue' is not assignable to type 'ReactNode'.
  Type 'ISAKValue' is not assignable to type 'ReactNode'.
src/app/(main)/pacientes/[id]/page.tsx(338,106): error TS2322: Type 'AnthroValue' is not assignable to type 'ReactNode'.
  Type 'ISAKValue' is not assignable to type 'ReactNode'.
src/app/(main)/pacientes/[id]/page.tsx(415,99): error TS2322: Type 'AnthroValue' is not assignable to type 'ReactNode'.
  Type 'ISAKValue' is not assignable to type 'ReactNode'.
src/app/(main)/pacientes/[id]/page.tsx(518,80): error TS2363: The right-hand side of an arithmetic operation must be of type 'any', 'number', 'bigint' or an enum type.
src/app/(main)/pacientes/[id]/page.tsx(519,58): error TS2362: The left-hand side of an arithmetic operation must be of type 'any', 'number', 'bigint' or an enum type.
src/app/(main)/pacientes/[id]/page.tsx(529,53): error TS2365: Operator '+' cannot be applied to types 'import("C:/Users/Escritorio/Desktop/Proyectos/Codigo/Proyecto 1.0/src/types/index").AnthroValue' and 'import("C:/Users/Escritorio/Desktop/Proyectos/Codigo/Proyecto 1.0/src/types/index").AnthroValue'.
src/app/(main)/pacientes/[id]/page.tsx(530,66): error TS2363: The right-hand side of an arithmetic operation must be of type 'any', 'number', 'bigint' or an enum type.
src/app/(main)/pacientes/[id]/page.tsx(538,50): error TS2365: Operator '>' cannot be applied to types 'AnthroValue' and 'number'.
src/app/(main)/pacientes/[id]/page.tsx(538,85): error TS2363: The right-hand side of an arithmetic operation must be of type 'any', 'number', 'bigint' or an enum type.
src/app/(main)/pacientes/[id]/page.tsx(538,102): error TS2363: The right-hand side of an arithmetic operation must be of type 'any', 'number', 'bigint' or an enum type.
src/app/(main)/pacientes/[id]/page.tsx(538,118): error TS2363: The right-hand side of an arithmetic operation must be of type 'any', 'number', 'bigint' or an enum type.
src/app/(main)/pacientes/[id]/page.tsx(538,138): error TS2363: The right-hand side of an arithmetic operation must be of type 'any', 'number', 'bigint' or an enum type.
src/app/(main)/pacientes/[id]/page.tsx(538,160): error TS2363: The right-hand side of an arithmetic operation must be of type 'any', 'number', 'bigint' or an enum type.
src/app/(main)/pacientes/[id]/page.tsx(541,54): error TS2362: The left-hand side of an arithmetic operation must be of type 'any', 'number', 'bigint' or an enum type.
src/app/(main)/pacientes/[id]/page.tsx(541,71): error TS2345: Argument of type 'AnthroValue' is not assignable to parameter of type 'number'.
  Type 'ISAKValue' is not assignable to type 'number'.
src/app/(main)/pacientes/[id]/page.tsx(589,126): error TS2322: Type 'AnthroValue' is not assignable to type 'ReactNode'.
  Type 'ISAKValue' is not assignable to type 'ReactNode'.
src/app/(main)/pacientes/[id]/page.tsx(593,126): error TS2322: Type 'AnthroValue' is not assignable to type 'ReactNode'.
  Type 'ISAKValue' is not assignable to type 'ReactNode'.
src/app/(main)/pacientes/[id]/page.tsx(727,133): error TS2322: Type 'AnthroValue' is not assignable to type 'ReactNode'.
  Type 'ISAKValue' is not assignable to type 'ReactNode'.
src/app/(main)/pacientes/[id]/page.tsx(898,129): error TS2362: The left-hand side of an arithmetic operation must be of type 'any', 'number', 'bigint' or an enum type.
src/app/(main)/pacientes/[id]/page.tsx(898,168): error TS2362: The left-hand side of an arithmetic operation must be of type 'any', 'number', 'bigint' or an enum type.
src/app/(main)/pacientes/[id]/page.tsx(910,93): error TS2345: Argument of type 'AnthroValue' is not assignable to parameter of type 'number'.
  Type 'ISAKValue' is not assignable to type 'number'.
src/app/(main)/pacientes/[id]/page.tsx(921,89): error TS2345: Argument of type 'AnthroValue' is not assignable to parameter of type 'number'.
  Type 'ISAKValue' is not assignable to type 'number'.
src/app/(main)/pacientes/[id]/page.tsx(924,85): error TS2362: The left-hand side of an arithmetic operation must be of type 'any', 'number', 'bigint' or an enum type.
src/app/(main)/pacientes/[id]/page.tsx(948,81): error TS2345: Argument of type 'AnthroValue' is not assignable to parameter of type 'number'.
  Type 'ISAKValue' is not assignable to type 'number'.
src/components/antropometria/ComposicionResumen.tsx(62,34): error TS2339: Property 'tipoPaciente' does not exist on type 'MedidasAntropometricas'.
src/components/antropometria/ComposicionResumen.tsx(63,36): error TS2339: Property 'tipoPaciente' does not exist on type 'MedidasAntropometricas'.
src/components/antropometria/DashboardAntropometria.tsx(66,30): error TS2339: Property 'tipoPaciente' does not exist on type 'MedidasAntropometricas'.
src/components/antropometria/DashboardAntropometria.tsx(67,76): error TS2339: Property 'tipoPaciente' does not exist on type 'MedidasAntropometricas'.
src/components/antropometria/DashboardAntropometria.tsx(81,71): error TS2339: Property 'tipoPaciente' does not exist on type 'MedidasAntropometricas'.
src/components/antropometria/EvaluationHistory.tsx(85,41): error TS2322: Type 'string | AnthroValue' is not assignable to type 'ReactNode'.
  Type 'ISAKValue' is not assignable to type 'ReactNode'.
src/components/antropometria/EvaluationHistory.tsx(88,41): error TS2322: Type 'string | AnthroValue' is not assignable to type 'ReactNode'.
  Type 'ISAKValue' is not assignable to type 'ReactNode'.
src/components/antropometria/FormularioMedidas.tsx(139,7): error TS2322: Type '"masculino" | "femenino" | "otro"' is not assignable to type '"masculino" | "femenino"'.
  Type '"otro"' is not assignable to type '"masculino" | "femenino"'.
src/components/antropometria/FormularioMedidas.tsx(169,11): error TS2365: Operator '>' cannot be applied to types 'AnthroValue' and 'number'.
src/components/antropometria/FormularioMedidas.tsx(170,9): error TS2365: Operator '>' cannot be applied to types 'AnthroValue' and 'number'.
src/components/antropometria/FormularioMedidas.tsx(171,9): error TS2365: Operator '>' cannot be applied to types 'AnthroValue' and 'number'.
src/components/antropometria/FormularioMedidas.tsx(211,9): error TS2322: Type '"masculino" | "femenino" | "otro"' is not assignable to type '"masculino" | "femenino"'.
  Type '"otro"' is not assignable to type '"masculino" | "femenino"'.
src/components/antropometria/FractionationResults.tsx(23,9): error TS2322: Type 'AnthroValue' is not assignable to type 'number'.
  Type 'ISAKValue' is not assignable to type 'number'.
src/components/antropometria/FractionationResults.tsx(24,9): error TS2322: Type 'AnthroValue' is not assignable to type 'number'.
  Type 'ISAKValue' is not assignable to type 'number'.
src/components/antropometria/FractionationResults.tsx(28,9): error TS2322: Type 'AnthroValue' is not assignable to type 'number'.
  Type 'ISAKValue' is not assignable to type 'number'.
src/components/antropometria/FractionationResults.tsx(29,9): error TS2322: Type 'AnthroValue' is not assignable to type 'number'.
  Type 'ISAKValue' is not assignable to type 'number'.
src/components/antropometria/FractionationResults.tsx(30,9): error TS2322: Type 'AnthroValue' is not assignable to type 'number'.
  Type 'ISAKValue' is not assignable to type 'number'.
src/components/antropometria/FractionationResults.tsx(31,9): error TS2322: Type 'AnthroValue' is not assignable to type 'number'.
  Type 'ISAKValue' is not assignable to type 'number'.
src/components/antropometria/FractionationResults.tsx(32,9): error TS2322: Type 'AnthroValue' is not assignable to type 'number'.
  Type 'ISAKValue' is not assignable to type 'number'.
src/components/antropometria/FractionationResults.tsx(33,9): error TS2322: Type 'AnthroValue' is not assignable to type 'number'.
  Type 'ISAKValue' is not assignable to type 'number'.
src/components/antropometria/FractionationResults.tsx(34,9): error TS2322: Type 'AnthroValue' is not assignable to type 'number'.
  Type 'ISAKValue' is not assignable to type 'number'.
src/components/antropometria/FractionationResults.tsx(36,43): error TS2551: Property 'brazoRelajado' does not exist on type 'Perimetros'. Did you mean 'brazoRelax'?
src/components/antropometria/FractionationResults.tsx(37,9): error TS2322: Type 'AnthroValue' is not assignable to type 'number | undefined'.
  Type 'ISAKValue' is not assignable to type 'number'.
src/components/antropometria/FractionationResults.tsx(38,9): error TS2322: Type 'AnthroValue' is not assignable to type 'number | undefined'.
  Type 'ISAKValue' is not assignable to type 'number'.
src/components/antropometria/FractionationResults.tsx(39,9): error TS2322: Type 'AnthroValue' is not assignable to type 'number'.
  Type 'ISAKValue' is not assignable to type 'number'.
src/components/antropometria/FractionationResults.tsx(39,83): error TS2362: The left-hand side of an arithmetic operation must be of type 'any', 'number', 'bigint' or an enum type.
src/components/antropometria/FractionationResults.tsx(40,9): error TS2322: Type 'AnthroValue' is not assignable to type 'number'.
  Type 'ISAKValue' is not assignable to type 'number'.
src/components/antropometria/FractionationResults.tsx(42,9): error TS2322: Type 'AnthroValue' is not assignable to type 'number'.
  Type 'ISAKValue' is not assignable to type 'number'.
src/components/antropometria/FractionationResults.tsx(43,9): error TS2322: Type 'AnthroValue' is not assignable to type 'number'.
  Type 'ISAKValue' is not assignable to type 'number'.
src/components/antropometria/HistorialTable.tsx(71,67): error TS2322: Type 'AnthroValue' is not assignable to type 'ReactNode'.
  Type 'ISAKValue' is not assignable to type 'ReactNode'.
src/components/antropometria/HistorialTable.tsx(72,67): error TS2322: Type 'AnthroValue' is not assignable to type 'ReactNode'.
  Type 'ISAKValue' is not assignable to type 'ReactNode'.
src/components/diet/DietReport.tsx(75,136): error TS2362: The left-hand side of an arithmetic operation must be of type 'any', 'number', 'bigint' or an enum type.
src/components/diet/DietReport.tsx(137,72): error TS2322: Type 'AnthroValue' is not assignable to type 'ReactNode'.
  Type 'ISAKValue' is not assignable to type 'ReactNode'.
src/components/diet/DietReport.tsx(141,72): error TS2322: Type 'AnthroValue' is not assignable to type 'ReactNode'.
  Type 'ISAKValue' is not assignable to type 'ReactNode'.
src/components/patient/PatientNutritionConfig.tsx(25,15): error TS2305: Module '"@/types"' has no exported member 'NivelActividad'.
src/components/patient/PatientNutritionConfig.tsx(25,31): error TS2305: Module '"@/types"' has no exported member 'ObjetivoPeso'.
src/components/patient/PatientNutritionConfig.tsx(25,45): error TS2305: Module '"@/types"' has no exported member 'FormulaGET'.
src/lib/calculos-nutricionales.ts(302,7): error TS2322: Type 'AnthroValue | undefined' is not assignable to type 'number | undefined'.
  Type 'ISAKValue' is not assignable to type 'number'.
src/lib/calculos-nutricionales.ts(303,7): error TS2322: Type 'AnthroValue | undefined' is not assignable to type 'number | undefined'.
  Type 'ISAKValue' is not assignable to type 'number'.
src/lib/calculos-nutricionales.ts(304,7): error TS2322: Type 'AnthroValue | undefined' is not assignable to type 'number | undefined'.
  Type 'ISAKValue' is not assignable to type 'number'.
src/lib/calculos-nutricionales.ts(305,7): error TS2322: Type 'AnthroValue | undefined' is not assignable to type 'number | undefined'.
  Type 'ISAKValue' is not assignable to type 'number'.
src/lib/calculos-nutricionales.ts(306,7): error TS2322: Type 'AnthroValue | undefined' is not assignable to type 'number | undefined'.
  Type 'ISAKValue' is not assignable to type 'number'.
src/lib/calculos-nutricionales.ts(307,7): error TS2322: Type 'AnthroValue | undefined' is not assignable to type 'number | undefined'.
  Type 'ISAKValue' is not assignable to type 'number'.
src/lib/calculos-nutricionales.ts(326,7): error TS2322: Type 'AnthroValue | undefined' is not assignable to type 'number | undefined'.
  Type 'ISAKValue' is not assignable to type 'number'.
src/lib/calculos-nutricionales.ts(327,7): error TS2322: Type 'AnthroValue | undefined' is not assignable to type 'number | undefined'.
  Type 'ISAKValue' is not assignable to type 'number'.
src/lib/calculos-nutricionales.ts(328,7): error TS2322: Type 'AnthroValue | undefined' is not assignable to type 'number | undefined'.
  Type 'ISAKValue' is not assignable to type 'number'.
src/lib/calculos-nutricionales.ts(329,7): error TS2322: Type 'AnthroValue | undefined' is not assignable to type 'number | undefined'.
  Type 'ISAKValue' is not assignable to type 'number'.
src/lib/supabase-storage.ts(113,9): error TS2353: Object literal may only specify known properties, and 'preferencias' does not exist in type 'Paciente'.
src/lib/supabase-storage.ts(136,32): error TS2339: Property 'preferencias' does not exist on type 'Paciente'.
src/lib/supabase-storage.ts(187,5): error TS2322: Type '{ id: any; pacienteId: any; fecha: any; peso: any; talla: any; edad: any; sexo: "masculino"; pliegues: { triceps: any; subscapular: any; biceps: any; iliac_crest: any; supraspinale: any; abdominal: any; thigh: any; calf: any; }; perimetros: { ...; }; diametros: { ...; }; createdAt: any; }[]' is not assignable to type 'MedidasAntropometricas[]'.
  Property 'protocolo' is missing in type '{ id: any; pacienteId: any; fecha: any; peso: any; talla: any; edad: any; sexo: "masculino"; pliegues: { triceps: any; subscapular: any; biceps: any; iliac_crest: any; supraspinale: any; abdominal: any; thigh: any; calf: any; }; perimetros: { ...; }; diametros: { ...; }; createdAt: any; }' but required in type 'MedidasAntropometricas'.
src/scripts/verify_calculations.ts(25,9): error TS2561: Object literal may only specify known properties, but 'brazoRelajado' does not exist in type 'Perimetros'. Did you mean to write 'brazoRelax'?
src/scripts/verify_calculations.ts(67,34): error TS2362: The left-hand side of an arithmetic operation must be of type 'any', 'number', 'bigint' or an enum type.
src/scripts/verify_calculations.ts(69,14): error TS2362: The left-hand side of an arithmetic operation must be of type 'any', 'number', 'bigint' or an enum type.
src/scripts/verify_profiles.ts(24,9): error TS2561: Object literal may only specify known properties, but 'brazoRelajado' does not exist in type 'Perimetros'. Did you mean to write 'brazoRelax'?
src/store/usePatientStore.ts(9,49): error TS2305: Module '"@/types"' has no exported member 'ConfiguracionNutricional'.
src/store/usePatientStore.ts(79,33): error TS2363: The right-hand side of an arithmetic operation must be of type 'any', 'number', 'bigint' or an enum type.
src/store/usePatientStore.ts(79,49): error TS2363: The right-hand side of an arithmetic operation must be of type 'any', 'number', 'bigint' or an enum type.
src/store/usePatientStore.ts(81,33): error TS2363: The right-hand side of an arithmetic operation must be of type 'any', 'number', 'bigint' or an enum type.
src/store/usePatientStore.ts(81,49): error TS2363: The right-hand side of an arithmetic operation must be of type 'any', 'number', 'bigint' or an enum type.
src/store/usePatientStore.ts(196,23): error TS2345: Argument of type '{ historiaClinica: { motivoConsulta?: string; patologias?: string[] | undefined; alergias?: string[] | undefined; medicamentos?: string[] | undefined; antecedentesFamiliares?: string[] | undefined; ... 4 more ...; bioquimicaReciente?: Partial<BiochemistryRecord>; }; ... 9 more ...; createdAt?: string | Date; }' is not assignable to parameter of type 'Paciente'.
  The types of 'historiaClinica.patologias' are incompatible between these types.
    Type 'string[] | undefined' is not assignable to type 'string[]'.
      Type 'undefined' is not assignable to type 'string[]'.
src/store/usePatientStore.ts(197,15): error TS2322: Type '{ historiaClinica: { motivoConsulta?: string; patologias?: string[] | undefined; alergias?: string[] | undefined; medicamentos?: string[] | undefined; antecedentesFamiliares?: string[] | undefined; ... 4 more ...; bioquimicaReciente?: Partial<BiochemistryRecord>; }; ... 9 more ...; createdAt?: string | Date; }' is not assignable to type 'Paciente'.
  The types of 'historiaClinica.patologias' are incompatible between these types.
    Type 'string[] | undefined' is not assignable to type 'string[]'.
      Type 'undefined' is not assignable to type 'string[]'.
src/store/usePatientStore.ts(267,28): error TS2339: Property 'configuracionNutricional' does not exist on type 'Paciente'.
src/store/usePatientStore.ts(281,38): error TS2339: Property 'configuracionNutricional' does not exist on type 'Paciente'.
src/store/usePatientStore.ts(282,36): error TS2339: Property 'configuracionNutricional' does not exist on type 'Paciente'.
src/store/usePatientStore.ts(283,34): error TS2339: Property 'configuracionNutricional' does not exist on type 'Paciente'.
src/store/usePatientStore.ts(284,37): error TS2339: Property 'configuracionNutricional' does not exist on type 'Paciente'.
src/store/usePatientStore.ts(285,34): error TS2339: Property 'configuracionNutricional' does not exist on type 'Paciente'.
src/store/usePatientStore.ts(287,37): error TS2339: Property 'configuracionNutricional' does not exist on type 'Paciente'.
src/store/usePatientStore.ts(288,42): error TS2339: Property 'configuracionNutricional' does not exist on type 'Paciente'.
src/store/usePatientStore.ts(289,34): error TS2339: Property 'configuracionNutricional' does not exist on type 'Paciente'.
src/tests/verify_calculations.test.ts(25,5): error TS2561: Object literal may only specify known properties, but 'brazoRelajado' does not exist in type 'Perimetros'. Did you mean to write 'brazoRelax'?
src/tests/verify_calculations.test.ts(48,27): error TS2363: The right-hand side of an arithmetic operation must be of type 'any', 'number', 'bigint' or an enum type.
