node.exe : [33mThe CJS 
build of Vite's Node API is 
deprecated. See https://vite
.dev/guide/troubleshooting.h
tml#vite-cjs-node-api-deprec
ated for more details.[39m
En línea: 1 Carácter: 1
+ & "C:\Program 
Files\nodejs/node.exe" 
"C:\Program 
Files\nodejs/node_mo ...
+ ~~~~~~~~~~~~~~~~~~~~~~~~~~
~~~~~~~~~~~~~~~~~~~~~~~~~~~~
~~~~~~~~~~~~~~~
    + CategoryInfo          
    : NotSpecified: ([33m  
  The CJS bu...e details.   
 [39m:String) [], Remot    
eException
    + FullyQualifiedErrorId 
    : NativeCommandError
 

[7m[1m[36m RUN [39m[22m[27m [36mv1.6.1[39m [90mC:/Users/Escritorio/Desktop/Proyectos/Codigo/Proyecto 1.0[39m

[90mstdout[2m | src/tests/diet_balance.test.ts[2m > [22m[2mBalanced Plate Guarantee - Final Verification[2m > [22m[2mensures ALL meals have protein, carb, and veggie categories represented[22m[39m
[Calibration] After initial pass: 1814 kcal (target: 2000). Needs force adjustment.
[ForceAdjust] Success: 1814 -> 2001 kcal (target: 2000)

[90mstdout[2m | src/tests/diet_balance.test.ts[2m > [22m[2mBalanced Plate Guarantee - Final Verification[2m > [22m[2msuccessfully integrates fitness desserts as snacks[22m[39m
[Calibration] Success: 1672 -> 1904 kcal (target: 2000)

[90mstdout[2m | src/tests/diet_balance.test.ts[2m > [22m[2mBalanced Plate Guarantee - Final Verification[2m > [22m[2mensures total daily calories are within 95-105% of target (Caloric Calibration)[22m[39m
[Calibration] Success: 1147 -> 1427 kcal (target: 1500)
[Low calorie diet] Target: 1500 kcal, Actual: 1427 kcal (-4.9% deviation)
[Calibration] After initial pass: 1900 kcal (target: 2000). Needs force adjustment.
[ForceAdjust] Success: 1900 -> 1991 kcal (target: 2000)
[Standard diet] Target: 2000 kcal, Actual: 1991 kcal (-0.5% deviation)
[Calibration] After initial pass: 2373 kcal (target: 2500). Needs force adjustment.
[ForceAdjust] Success: 2373 -> 2496 kcal (target: 2500)
[High calorie diet] Target: 2500 kcal, Actual: 2496 kcal (-0.1% deviation)
[Calibration] After initial pass: 2620 kcal (target: 3000). Needs force adjustment.
[ForceAdjust] Success: 2620 -> 2979 kcal (target: 3000)
[Very high calorie diet] Target: 3000 kcal, Actual: 2979 kcal (-0.7% deviation)

 [32mÔ£ô[39m src/tests/diet_balance.test.ts [2m ([22m[2m3 tests[22m[2m)[22m[90m 9[2mms[22m[39m

[2m Test Files [22m [1m[32m1 passed[39m[22m[90m (1)[39m
[2m      Tests [22m [1m[32m3 passed[39m[22m[90m (3)[39m
[2m   Start at [22m 12:18:46
[2m   Duration [22m 449ms[2m (transform 75ms, setup 0ms, collect 101ms, tests 9ms, environment 0ms, prepare 108ms)[22m

